Windows PowerShell
Copyright (C) Microsoft Corporation. Tous droits réservés.

Testez le nouveau système multiplateforme PowerShell https://aka.ms/pscore6

PS C:\Users\pc> cd Desktop
PS C:\Users\pc\Desktop> cd FullStack-Gomycode
PS C:\Users\pc\Desktop\FullStack-Gomycode> cd FullStack-Gomycode-Checkpoint2-GitGitHub
PS C:\Users\pc\Desktop\FullStack-Gomycode\FullStack-Gomycode-Checkpoint2-GitGitHub> mkdir learn_git


    Répertoire : C:\Users\pc\Desktop\FullStack-Gomycode\FullStack-Gomycode-Checkpoint2-GitGitHub


Mode                 LastWriteTime         Length Name
----                 -------------         ------ ----
d-----        31/01/2023     00:13                learn_git


PS C:\Users\pc\Desktop\FullStack-Gomycode\FullStack-Gomycode-Checkpoint2-GitGitHub> cd learn_git
PS C:\Users\pc\Desktop\FullStack-Gomycode\FullStack-Gomycode-Checkpoint2-GitGitHub\learn_git> git init
Initialized empty Git repository in C:/Users/pc/Desktop/FullStack-Gomycode/FullStack-Gomycode-Checkpoint2-GitGitHub/learn_git/.git/
PS C:\Users\pc\Desktop\FullStack-Gomycode\FullStack-Gomycode-Checkpoint2-GitGitHub\learn_git> git add third.txt
PS C:\Users\pc\Desktop\FullStack-Gomycode\FullStack-Gomycode-Checkpoint2-GitGitHub\learn_git> git status
On branch master

No commits yet

Changes to be committed:
  (use "git rm --cached <file>..." to unstage)
        new file:   third.txt

PS C:\Users\pc\Desktop\FullStack-Gomycode\FullStack-Gomycode-Checkpoint2-GitGitHub\learn_git> git commit -m "adding third.txt"
[master (root-commit) 9c246bc] adding third.txt
 1 file changed, 0 insertions(+), 0 deletions(-)
 create mode 100644 third.txt
PS C:\Users\pc\Desktop\FullStack-Gomycode\FullStack-Gomycode-Checkpoint2-GitGitHub\learn_git> git log
commit 9c246bce8d14ad3eb2abc498c0156f21f1405797 (HEAD -> master)
Author: MoRe1187 <morelekam@gmail.com>
Date:   Tue Jan 31 00:14:38 2023 +0100

    adding third.txt
PS C:\Users\pc\Desktop\FullStack-Gomycode\FullStack-Gomycode-Checkpoint2-GitGitHub\learn_git> git add fourth.txt
PS C:\Users\pc\Desktop\FullStack-Gomycode\FullStack-Gomycode-Checkpoint2-GitGitHub\learn_git> git status
On branch master
Changes to be committed:
  (use "git restore --staged <file>..." to unstage)
        new file:   fourth.txt

PS C:\Users\pc\Desktop\FullStack-Gomycode\FullStack-Gomycode-Checkpoint2-GitGitHub\learn_git> git commit -m "adding fourth.txt"
[master aadfc62] adding fourth.txt
 1 file changed, 0 insertions(+), 0 deletions(-)
 create mode 100644 fourth.txt
PS C:\Users\pc\Desktop\FullStack-Gomycode\FullStack-Gomycode-Checkpoint2-GitGitHub\learn_git> git rm --cached third.txt
rm 'third.txt'
PS C:\Users\pc\Desktop\FullStack-Gomycode\FullStack-Gomycode-Checkpoint2-GitGitHub\learn_git> git status
On branch master
Changes to be committed:
  (use "git restore --staged <file>..." to unstage)
        deleted:    third.txt

Untracked files:
  (use "git add <file>..." to include in what will be committed)
        third.txt

PS C:\Users\pc\Desktop\FullStack-Gomycode\FullStack-Gomycode-Checkpoint2-GitGitHub\learn_git> git commit -m "removing third.txt"
[master 1f4ec07] removing third.txt
 1 file changed, 0 insertions(+), 0 deletions(-)
 delete mode 100644 third.txt
PS C:\Users\pc\Desktop\FullStack-Gomycode\FullStack-Gomycode-Checkpoint2-GitGitHub\learn_git> git log
commit 1f4ec073a2a0cc1816ed93fb11a3c28c27fc7fb3 (HEAD -> master)
Author: MoRe1187 <morelekam@gmail.com>
Date:   Tue Jan 31 00:17:49 2023 +0100

    removing third.txt

commit aadfc622742b4de3507540fc7bd48a3c226e3b9e
Author: MoRe1187 <morelekam@gmail.com>
Date:   Tue Jan 31 00:15:44 2023 +0100

    adding fourth.txt

commit 9c246bce8d14ad3eb2abc498c0156f21f1405797
Author: MoRe1187 <morelekam@gmail.com>
Date:   Tue Jan 31 00:14:38 2023 +0100

    adding third.txt
PS C:\Users\pc\Desktop\FullStack-Gomycode\FullStack-Gomycode-Checkpoint2-GitGitHub\learn_git> git config --global core.pager "cat"
PS C:\Users\pc\Desktop\FullStack-Gomycode\FullStack-Gomycode-Checkpoint2-GitGitHub\learn_git> git config --global --list --show-origin
file:C:/Users/pc/.gitconfig     user.name=MoRe1187
file:C:/Users/pc/.gitconfig     user.email=morelekam@gmail.com
file:C:/Users/pc/.gitconfig     filter.lfs.process=git-lfs filter-process
file:C:/Users/pc/.gitconfig     filter.lfs.required=true
file:C:/Users/pc/.gitconfig     filter.lfs.clean=git-lfs clean -- %f
file:C:/Users/pc/.gitconfig     filter.lfs.smudge=git-lfs smudge -- %f
file:C:/Users/pc/.gitconfig     core.pager=cat
PS C:\Users\pc\Desktop\FullStack-Gomycode\FullStack-Gomycode-Checkpoint2-GitGitHub\learn_git>